
> frontend@0.0.0 build
> tsc -b && vite build

[36mvite v8.0.8 [32mbuilding client environment for production...[36m[39m
[2K
transforming...Γ£ô 18 modules transformed.
node.exe : [31mΓ£ù[39m Build failed in 492ms
At line:1 char:1
+ & "C:\Program Files\nodejs/node.exe" "C:\Program Files\nodejs/node_mo ...
+ ~~~~~~~~~~~~~~~~~~~~~~~~~~~~~~~~~~~~~~~~~~~~~~~~~~~~~~~~~~~~~~~~~~~~~
    + CategoryInfo          : NotSpecified: ([31mΓ£ù[39m Build failed in 492ms:String) [], RemoteException
    + FullyQualifiedErrorId : NativeCommandError
 
[31merror during build:
[31mBuild failed with 2 errors:

[plugin vite:css] C:/Users/HP/OneDrive/Desktop/Avellin53/frontend/src/index.css:undefined:NaN
Error: [postcss] It looks like you're trying to use `tailwindcss` directly as a PostCSS plugin. The PostCSS plugin has 
moved to a separate package, so to continue using Tailwind CSS with PostCSS you'll need to install 
`@tailwindcss/postcss` and update your PostCSS configuration.
    at at (C:\Users\HP\OneDrive\Desktop\Avellin53\frontend\node_modules\tailwindcss\dist\lib.js:38:1643)
    at LazyResult.runOnRoot 
(C:\Users\HP\OneDrive\Desktop\Avellin53\frontend\node_modules\postcss\lib\lazy-result.js:361:16)
    at LazyResult.runAsync 
(C:\Users\HP\OneDrive\Desktop\Avellin53\frontend\node_modules\postcss\lib\lazy-result.js:290:26)
    at LazyResult.async 
(C:\Users\HP\OneDrive\Desktop\Avellin53\frontend\node_modules\postcss\lib\lazy-result.js:192:30)
    at LazyResult.then (C:\Users\HP\OneDrive\Desktop\Avellin53\frontend\node_modules\postcss\lib\lazy-result.js:436:17)
[plugin vite:css] C:/Users/HP/OneDrive/Desktop/Avellin53/frontend/src/App.css:undefined:NaN
Error: [postcss] It looks like you're trying to use `tailwindcss` directly as a PostCSS plugin. The PostCSS plugin has 
moved to a separate package, so to continue using Tailwind CSS with PostCSS you'll need to install 
`@tailwindcss/postcss` and update your PostCSS configuration.
    at at (C:\Users\HP\OneDrive\Desktop\Avellin53\frontend\node_modules\tailwindcss\dist\lib.js:38:1643)
    at LazyResult.runOnRoot 
(C:\Users\HP\OneDrive\Desktop\Avellin53\frontend\node_modules\postcss\lib\lazy-result.js:361:16)
    at LazyResult.runAsync 
(C:\Users\HP\OneDrive\Desktop\Avellin53\frontend\node_modules\postcss\lib\lazy-result.js:290:26)
    at LazyResult.async 
(C:\Users\HP\OneDrive\Desktop\Avellin53\frontend\node_modules\postcss\lib\lazy-result.js:192:30)
    at LazyResult.then 
(C:\Users\HP\OneDrive\Desktop\Avellin53\frontend\node_modules\postcss\lib\lazy-result.js:436:17)[31m
    at aggregateBindingErrorsIntoJsError 
(file:///C:/Users/HP/OneDrive/Desktop/Avellin53/frontend/node_modules/rolldown/dist/shared/error-w0u7biK-.mjs:48:18)
    at unwrapBindingResult 
(file:///C:/Users/HP/OneDrive/Desktop/Avellin53/frontend/node_modules/rolldown/dist/shared/error-w0u7biK-.mjs:18:128)
    at #build (file:///C:/Users/HP/OneDrive/Desktop/Avellin53/frontend/node_modules/rolldown/dist/shared/rolldown-build
-DtGk-m96.mjs:3313:34)
    at async buildEnvironment 
(file:///C:/Users/HP/OneDrive/Desktop/Avellin53/frontend/node_modules/vite/dist/node/chunks/node.js:32954:64)
    at async Object.build 
(file:///C:/Users/HP/OneDrive/Desktop/Avellin53/frontend/node_modules/vite/dist/node/chunks/node.js:33376:19)
    at async Object.buildApp 
(file:///C:/Users/HP/OneDrive/Desktop/Avellin53/frontend/node_modules/vite/dist/node/chunks/node.js:33373:153)
    at async CAC.<anonymous> 
(file:///C:/Users/HP/OneDrive/Desktop/Avellin53/frontend/node_modules/vite/dist/node/cli.js:778:3) {
  errors: [Getter/Setter]
}[39m
